  甇??斗閬???撠?...
C:\Program Files\dotnet\sdk\10.0.203\Sdks\Microsoft.NET.Sdk\targets\Microsoft.NET.EolTargetFrameworks.targets(32,5): warning NETSDK1138: ?格? Framework 'netcoreapp3.1' 撌脖???湛??芯?撠????嗅隞颱?摰?扳?啜???舀???底蝝啗?閮?隢???https://aka.ms/dotnet-core-support??[C:\Users\USER\source\repos\AutoClickTest\AutoClickTest\AutoClickTest.csproj]
C:\Program Files\dotnet\sdk\10.0.203\Sdks\Microsoft.NET.Sdk\targets\Microsoft.NET.EolTargetFrameworks.targets(32,5): warning NETSDK1138: ?格? Framework 'netcoreapp3.1' 撌脖???湛??芯?撠????嗅隞颱?摰?扳?啜???舀???底蝝啗?閮?隢???https://aka.ms/dotnet-core-support??[C:\Users\USER\source\repos\AutoClickTest\AutoClickTest\AutoClickTest.csproj]
  ???獢?冽??啁????舫脰?????
C:\Users\USER\.nuget\packages\system.runtime.compilerservices.unsafe\6.1.2\buildTransitive\netcoreapp2.0\System.Runtime.CompilerServices.Unsafe.targets(4,5): warning : System.Runtime.CompilerServices.Unsafe 6.1.2 doesn't support netcoreapp3.1 and has not been tested with it. Consider upgrading your TargetFramework to net6.0 or later. You may also set <SuppressTfmSupportBuildWarnings>true</SuppressTfmSupportBuildWarnings> in the project file to ignore this warning and attempt to run in this unsupported configuration at your own risk. [C:\Users\USER\source\repos\AutoClickTest\AutoClickTest\AutoClickTest.csproj]
C:\Program Files\dotnet\sdk\10.0.203\Sdks\Microsoft.NET.Sdk\targets\Microsoft.NET.EolTargetFrameworks.targets(32,5): warning NETSDK1138: ?格? Framework 'netcoreapp3.1' 撌脖???湛??芯?撠????嗅隞颱?摰?扳?啜???舀???底蝝啗?閮?隢???https://aka.ms/dotnet-core-support??[C:\Users\USER\source\repos\AutoClickTest\AutoClickTest\AutoClickTest.csproj]
C:\Program Files\dotnet\sdk\10.0.203\Microsoft.Common.CurrentVersion.targets(5395,5): warning MSB3026: ?⊥?撠?"C:\Users\USER\source\repos\AutoClickTest\AutoClickTest\obj\Debug\netcoreapp3.1\apphost.exe" 銴ˊ??"bin\Debug\netcoreapp3.1\AutoClickTest.exe"?撠 1000 瘥怎??折?閰?1 甈～he process cannot access the file 'C:\Users\USER\source\repos\AutoClickTest\AutoClickTest\bin\Debug\netcoreapp3.1\AutoClickTest.exe' because it is being used by another process. 瑼????? "AutoClickTest (31804)" [C:\Users\USER\source\repos\AutoClickTest\AutoClickTest\AutoClickTest.csproj]
C:\Program Files\dotnet\sdk\10.0.203\Microsoft.Common.CurrentVersion.targets(5395,5): warning MSB3026: ?⊥?撠?"C:\Users\USER\source\repos\AutoClickTest\AutoClickTest\obj\Debug\netcoreapp3.1\apphost.exe" 銴ˊ??"bin\Debug\netcoreapp3.1\AutoClickTest.exe"?撠 1000 瘥怎??折?閰?2 甈～he process cannot access the file 'C:\Users\USER\source\repos\AutoClickTest\AutoClickTest\bin\Debug\netcoreapp3.1\AutoClickTest.exe' because it is being used by another process. 瑼????? "AutoClickTest (31804)" [C:\Users\USER\source\repos\AutoClickTest\AutoClickTest\AutoClickTest.csproj]
C:\Program Files\dotnet\sdk\10.0.203\Microsoft.Common.CurrentVersion.targets(5395,5): warning MSB3026: ?⊥?撠?"C:\Users\USER\source\repos\AutoClickTest\AutoClickTest\obj\Debug\netcoreapp3.1\apphost.exe" 銴ˊ??"bin\Debug\netcoreapp3.1\AutoClickTest.exe"?撠 1000 瘥怎??折?閰?3 甈～he process cannot access the file 'C:\Users\USER\source\repos\AutoClickTest\AutoClickTest\bin\Debug\netcoreapp3.1\AutoClickTest.exe' because it is being used by another process. 瑼????? "AutoClickTest (31804)" [C:\Users\USER\source\repos\AutoClickTest\AutoClickTest\AutoClickTest.csproj]
C:\Program Files\dotnet\sdk\10.0.203\Microsoft.Common.CurrentVersion.targets(5395,5): warning MSB3026: ?⊥?撠?"C:\Users\USER\source\repos\AutoClickTest\AutoClickTest\obj\Debug\netcoreapp3.1\apphost.exe" 銴ˊ??"bin\Debug\netcoreapp3.1\AutoClickTest.exe"?撠 1000 瘥怎??折?閰?4 甈～he process cannot access the file 'C:\Users\USER\source\repos\AutoClickTest\AutoClickTest\bin\Debug\netcoreapp3.1\AutoClickTest.exe' because it is being used by another process. 瑼????? "AutoClickTest (31804)" [C:\Users\USER\source\repos\AutoClickTest\AutoClickTest\AutoClickTest.csproj]
C:\Program Files\dotnet\sdk\10.0.203\Microsoft.Common.CurrentVersion.targets(5395,5): warning MSB3026: ?⊥?撠?"C:\Users\USER\source\repos\AutoClickTest\AutoClickTest\obj\Debug\netcoreapp3.1\apphost.exe" 銴ˊ??"bin\Debug\netcoreapp3.1\AutoClickTest.exe"?撠 1000 瘥怎??折?閰?5 甈～he process cannot access the file 'C:\Users\USER\source\repos\AutoClickTest\AutoClickTest\bin\Debug\netcoreapp3.1\AutoClickTest.exe' because it is being used by another process. 瑼????? "AutoClickTest (31804)" [C:\Users\USER\source\repos\AutoClickTest\AutoClickTest\AutoClickTest.csproj]
C:\Program Files\dotnet\sdk\10.0.203\Microsoft.Common.CurrentVersion.targets(5395,5): warning MSB3026: ?⊥?撠?"C:\Users\USER\source\repos\AutoClickTest\AutoClickTest\obj\Debug\netcoreapp3.1\apphost.exe" 銴ˊ??"bin\Debug\netcoreapp3.1\AutoClickTest.exe"?撠 1000 瘥怎??折?閰?6 甈～he process cannot access the file 'C:\Users\USER\source\repos\AutoClickTest\AutoClickTest\bin\Debug\netcoreapp3.1\AutoClickTest.exe' because it is being used by another process. 瑼????? "AutoClickTest (31804)" [C:\Users\USER\source\repos\AutoClickTest\AutoClickTest\AutoClickTest.csproj]
C:\Program Files\dotnet\sdk\10.0.203\Microsoft.Common.CurrentVersion.targets(5395,5): warning MSB3026: ?⊥?撠?"C:\Users\USER\source\repos\AutoClickTest\AutoClickTest\obj\Debug\netcoreapp3.1\apphost.exe" 銴ˊ??"bin\Debug\netcoreapp3.1\AutoClickTest.exe"?撠 1000 瘥怎??折?閰?7 甈～he process cannot access the file 'C:\Users\USER\source\repos\AutoClickTest\AutoClickTest\bin\Debug\netcoreapp3.1\AutoClickTest.exe' because it is being used by another process. 瑼????? "AutoClickTest (31804)" [C:\Users\USER\source\repos\AutoClickTest\AutoClickTest\AutoClickTest.csproj]
C:\Program Files\dotnet\sdk\10.0.203\Microsoft.Common.CurrentVersion.targets(5395,5): warning MSB3026: ?⊥?撠?"C:\Users\USER\source\repos\AutoClickTest\AutoClickTest\obj\Debug\netcoreapp3.1\apphost.exe" 銴ˊ??"bin\Debug\netcoreapp3.1\AutoClickTest.exe"?撠 1000 瘥怎??折?閰?8 甈～he process cannot access the file 'C:\Users\USER\source\repos\AutoClickTest\AutoClickTest\bin\Debug\netcoreapp3.1\AutoClickTest.exe' because it is being used by another process. 瑼????? "AutoClickTest (31804)" [C:\Users\USER\source\repos\AutoClickTest\AutoClickTest\AutoClickTest.csproj]
C:\Program Files\dotnet\sdk\10.0.203\Microsoft.Common.CurrentVersion.targets(5395,5): warning MSB3026: ?⊥?撠?"C:\Users\USER\source\repos\AutoClickTest\AutoClickTest\obj\Debug\netcoreapp3.1\apphost.exe" 銴ˊ??"bin\Debug\netcoreapp3.1\AutoClickTest.exe"?撠 1000 瘥怎??折?閰?9 甈～he process cannot access the file 'C:\Users\USER\source\repos\AutoClickTest\AutoClickTest\bin\Debug\netcoreapp3.1\AutoClickTest.exe' because it is being used by another process. 瑼????? "AutoClickTest (31804)" [C:\Users\USER\source\repos\AutoClickTest\AutoClickTest\AutoClickTest.csproj]
C:\Program Files\dotnet\sdk\10.0.203\Microsoft.Common.CurrentVersion.targets(5395,5): warning MSB3026: ?⊥?撠?"C:\Users\USER\source\repos\AutoClickTest\AutoClickTest\obj\Debug\netcoreapp3.1\apphost.exe" 銴ˊ??"bin\Debug\netcoreapp3.1\AutoClickTest.exe"?撠 1000 瘥怎??折?閰?10 甈～he process cannot access the file 'C:\Users\USER\source\repos\AutoClickTest\AutoClickTest\bin\Debug\netcoreapp3.1\AutoClickTest.exe' because it is being used by another process. 瑼????? "AutoClickTest (31804)" [C:\Users\USER\source\repos\AutoClickTest\AutoClickTest\AutoClickTest.csproj]
C:\Program Files\dotnet\sdk\10.0.203\Microsoft.Common.CurrentVersion.targets(5395,5): error MSB3027: ?⊥?撠?"C:\Users\USER\source\repos\AutoClickTest\AutoClickTest\obj\Debug\netcoreapp3.1\apphost.exe" 銴ˊ??"bin\Debug\netcoreapp3.1\AutoClickTest.exe"?歇頞??岫甈⊥ 10?仃??獢?摰? "AutoClickTest (31804)" [C:\Users\USER\source\repos\AutoClickTest\AutoClickTest\AutoClickTest.csproj]
C:\Program Files\dotnet\sdk\10.0.203\Microsoft.Common.CurrentVersion.targets(5395,5): error MSB3021: ?⊥?撠?獢?"C:\Users\USER\source\repos\AutoClickTest\AutoClickTest\obj\Debug\netcoreapp3.1\apphost.exe" 銴ˊ??"bin\Debug\netcoreapp3.1\AutoClickTest.exe"?he process cannot access the file 'C:\Users\USER\source\repos\AutoClickTest\AutoClickTest\bin\Debug\netcoreapp3.1\AutoClickTest.exe' because it is being used by another process. [C:\Users\USER\source\repos\AutoClickTest\AutoClickTest\AutoClickTest.csproj]

撱箇蔭憭望???

C:\Program Files\dotnet\sdk\10.0.203\Sdks\Microsoft.NET.Sdk\targets\Microsoft.NET.EolTargetFrameworks.targets(32,5): warning NETSDK1138: ?格? Framework 'netcoreapp3.1' 撌脖???湛??芯?撠????嗅隞颱?摰?扳?啜???舀???底蝝啗?閮?隢???https://aka.ms/dotnet-core-support??[C:\Users\USER\source\repos\AutoClickTest\AutoClickTest\AutoClickTest.csproj]
C:\Program Files\dotnet\sdk\10.0.203\Sdks\Microsoft.NET.Sdk\targets\Microsoft.NET.EolTargetFrameworks.targets(32,5): warning NETSDK1138: ?格? Framework 'netcoreapp3.1' 撌脖???湛??芯?撠????嗅隞颱?摰?扳?啜???舀???底蝝啗?閮?隢???https://aka.ms/dotnet-core-support??[C:\Users\USER\source\repos\AutoClickTest\AutoClickTest\AutoClickTest.csproj]
C:\Users\USER\.nuget\packages\system.runtime.compilerservices.unsafe\6.1.2\buildTransitive\netcoreapp2.0\System.Runtime.CompilerServices.Unsafe.targets(4,5): warning : System.Runtime.CompilerServices.Unsafe 6.1.2 doesn't support netcoreapp3.1 and has not been tested with it. Consider upgrading your TargetFramework to net6.0 or later. You may also set <SuppressTfmSupportBuildWarnings>true</SuppressTfmSupportBuildWarnings> in the project file to ignore this warning and attempt to run in this unsupported configuration at your own risk. [C:\Users\USER\source\repos\AutoClickTest\AutoClickTest\AutoClickTest.csproj]
C:\Program Files\dotnet\sdk\10.0.203\Sdks\Microsoft.NET.Sdk\targets\Microsoft.NET.EolTargetFrameworks.targets(32,5): warning NETSDK1138: ?格? Framework 'netcoreapp3.1' 撌脖???湛??芯?撠????嗅隞颱?摰?扳?啜???舀???底蝝啗?閮?隢???https://aka.ms/dotnet-core-support??[C:\Users\USER\source\repos\AutoClickTest\AutoClickTest\AutoClickTest.csproj]
C:\Program Files\dotnet\sdk\10.0.203\Microsoft.Common.CurrentVersion.targets(5395,5): warning MSB3026: ?⊥?撠?"C:\Users\USER\source\repos\AutoClickTest\AutoClickTest\obj\Debug\netcoreapp3.1\apphost.exe" 銴ˊ??"bin\Debug\netcoreapp3.1\AutoClickTest.exe"?撠 1000 瘥怎??折?閰?1 甈～he process cannot access the file 'C:\Users\USER\source\repos\AutoClickTest\AutoClickTest\bin\Debug\netcoreapp3.1\AutoClickTest.exe' because it is being used by another process. 瑼????? "AutoClickTest (31804)" [C:\Users\USER\source\repos\AutoClickTest\AutoClickTest\AutoClickTest.csproj]
C:\Program Files\dotnet\sdk\10.0.203\Microsoft.Common.CurrentVersion.targets(5395,5): warning MSB3026: ?⊥?撠?"C:\Users\USER\source\repos\AutoClickTest\AutoClickTest\obj\Debug\netcoreapp3.1\apphost.exe" 銴ˊ??"bin\Debug\netcoreapp3.1\AutoClickTest.exe"?撠 1000 瘥怎??折?閰?2 甈～he process cannot access the file 'C:\Users\USER\source\repos\AutoClickTest\AutoClickTest\bin\Debug\netcoreapp3.1\AutoClickTest.exe' because it is being used by another process. 瑼????? "AutoClickTest (31804)" [C:\Users\USER\source\repos\AutoClickTest\AutoClickTest\AutoClickTest.csproj]
C:\Program Files\dotnet\sdk\10.0.203\Microsoft.Common.CurrentVersion.targets(5395,5): warning MSB3026: ?⊥?撠?"C:\Users\USER\source\repos\AutoClickTest\AutoClickTest\obj\Debug\netcoreapp3.1\apphost.exe" 銴ˊ??"bin\Debug\netcoreapp3.1\AutoClickTest.exe"?撠 1000 瘥怎??折?閰?3 甈～he process cannot access the file 'C:\Users\USER\source\repos\AutoClickTest\AutoClickTest\bin\Debug\netcoreapp3.1\AutoClickTest.exe' because it is being used by another process. 瑼????? "AutoClickTest (31804)" [C:\Users\USER\source\repos\AutoClickTest\AutoClickTest\AutoClickTest.csproj]
C:\Program Files\dotnet\sdk\10.0.203\Microsoft.Common.CurrentVersion.targets(5395,5): warning MSB3026: ?⊥?撠?"C:\Users\USER\source\repos\AutoClickTest\AutoClickTest\obj\Debug\netcoreapp3.1\apphost.exe" 銴ˊ??"bin\Debug\netcoreapp3.1\AutoClickTest.exe"?撠 1000 瘥怎??折?閰?4 甈～he process cannot access the file 'C:\Users\USER\source\repos\AutoClickTest\AutoClickTest\bin\Debug\netcoreapp3.1\AutoClickTest.exe' because it is being used by another process. 瑼????? "AutoClickTest (31804)" [C:\Users\USER\source\repos\AutoClickTest\AutoClickTest\AutoClickTest.csproj]
C:\Program Files\dotnet\sdk\10.0.203\Microsoft.Common.CurrentVersion.targets(5395,5): warning MSB3026: ?⊥?撠?"C:\Users\USER\source\repos\AutoClickTest\AutoClickTest\obj\Debug\netcoreapp3.1\apphost.exe" 銴ˊ??"bin\Debug\netcoreapp3.1\AutoClickTest.exe"?撠 1000 瘥怎??折?閰?5 甈～he process cannot access the file 'C:\Users\USER\source\repos\AutoClickTest\AutoClickTest\bin\Debug\netcoreapp3.1\AutoClickTest.exe' because it is being used by another process. 瑼????? "AutoClickTest (31804)" [C:\Users\USER\source\repos\AutoClickTest\AutoClickTest\AutoClickTest.csproj]
C:\Program Files\dotnet\sdk\10.0.203\Microsoft.Common.CurrentVersion.targets(5395,5): warning MSB3026: ?⊥?撠?"C:\Users\USER\source\repos\AutoClickTest\AutoClickTest\obj\Debug\netcoreapp3.1\apphost.exe" 銴ˊ??"bin\Debug\netcoreapp3.1\AutoClickTest.exe"?撠 1000 瘥怎??折?閰?6 甈～he process cannot access the file 'C:\Users\USER\source\repos\AutoClickTest\AutoClickTest\bin\Debug\netcoreapp3.1\AutoClickTest.exe' because it is being used by another process. 瑼????? "AutoClickTest (31804)" [C:\Users\USER\source\repos\AutoClickTest\AutoClickTest\AutoClickTest.csproj]
C:\Program Files\dotnet\sdk\10.0.203\Microsoft.Common.CurrentVersion.targets(5395,5): warning MSB3026: ?⊥?撠?"C:\Users\USER\source\repos\AutoClickTest\AutoClickTest\obj\Debug\netcoreapp3.1\apphost.exe" 銴ˊ??"bin\Debug\netcoreapp3.1\AutoClickTest.exe"?撠 1000 瘥怎??折?閰?7 甈～he process cannot access the file 'C:\Users\USER\source\repos\AutoClickTest\AutoClickTest\bin\Debug\netcoreapp3.1\AutoClickTest.exe' because it is being used by another process. 瑼????? "AutoClickTest (31804)" [C:\Users\USER\source\repos\AutoClickTest\AutoClickTest\AutoClickTest.csproj]
C:\Program Files\dotnet\sdk\10.0.203\Microsoft.Common.CurrentVersion.targets(5395,5): warning MSB3026: ?⊥?撠?"C:\Users\USER\source\repos\AutoClickTest\AutoClickTest\obj\Debug\netcoreapp3.1\apphost.exe" 銴ˊ??"bin\Debug\netcoreapp3.1\AutoClickTest.exe"?撠 1000 瘥怎??折?閰?8 甈～he process cannot access the file 'C:\Users\USER\source\repos\AutoClickTest\AutoClickTest\bin\Debug\netcoreapp3.1\AutoClickTest.exe' because it is being used by another process. 瑼????? "AutoClickTest (31804)" [C:\Users\USER\source\repos\AutoClickTest\AutoClickTest\AutoClickTest.csproj]
C:\Program Files\dotnet\sdk\10.0.203\Microsoft.Common.CurrentVersion.targets(5395,5): warning MSB3026: ?⊥?撠?"C:\Users\USER\source\repos\AutoClickTest\AutoClickTest\obj\Debug\netcoreapp3.1\apphost.exe" 銴ˊ??"bin\Debug\netcoreapp3.1\AutoClickTest.exe"?撠 1000 瘥怎??折?閰?9 甈～he process cannot access the file 'C:\Users\USER\source\repos\AutoClickTest\AutoClickTest\bin\Debug\netcoreapp3.1\AutoClickTest.exe' because it is being used by another process. 瑼????? "AutoClickTest (31804)" [C:\Users\USER\source\repos\AutoClickTest\AutoClickTest\AutoClickTest.csproj]
C:\Program Files\dotnet\sdk\10.0.203\Microsoft.Common.CurrentVersion.targets(5395,5): warning MSB3026: ?⊥?撠?"C:\Users\USER\source\repos\AutoClickTest\AutoClickTest\obj\Debug\netcoreapp3.1\apphost.exe" 銴ˊ??"bin\Debug\netcoreapp3.1\AutoClickTest.exe"?撠 1000 瘥怎??折?閰?10 甈～he process cannot access the file 'C:\Users\USER\source\repos\AutoClickTest\AutoClickTest\bin\Debug\netcoreapp3.1\AutoClickTest.exe' because it is being used by another process. 瑼????? "AutoClickTest (31804)" [C:\Users\USER\source\repos\AutoClickTest\AutoClickTest\AutoClickTest.csproj]
C:\Program Files\dotnet\sdk\10.0.203\Microsoft.Common.CurrentVersion.targets(5395,5): error MSB3027: ?⊥?撠?"C:\Users\USER\source\repos\AutoClickTest\AutoClickTest\obj\Debug\netcoreapp3.1\apphost.exe" 銴ˊ??"bin\Debug\netcoreapp3.1\AutoClickTest.exe"?歇頞??岫甈⊥ 10?仃??獢?摰? "AutoClickTest (31804)" [C:\Users\USER\source\repos\AutoClickTest\AutoClickTest\AutoClickTest.csproj]
C:\Program Files\dotnet\sdk\10.0.203\Microsoft.Common.CurrentVersion.targets(5395,5): error MSB3021: ?⊥?撠?獢?"C:\Users\USER\source\repos\AutoClickTest\AutoClickTest\obj\Debug\netcoreapp3.1\apphost.exe" 銴ˊ??"bin\Debug\netcoreapp3.1\AutoClickTest.exe"?he process cannot access the file 'C:\Users\USER\source\repos\AutoClickTest\AutoClickTest\bin\Debug\netcoreapp3.1\AutoClickTest.exe' because it is being used by another process. [C:\Users\USER\source\repos\AutoClickTest\AutoClickTest\AutoClickTest.csproj]
    14 ?郎??
    2 ?隤?

蝬??? 00:00:12.90
